// Jest Snapshot v1, https://goo.gl/fbAQLP

exports[`GET: /v1/cars/:id returns correct data 1`] = `"{\\"message\\":\\"2010 Ford F10 with 120123 miles available for $19,999.00 listed since Sun Jun 20 2021 13:58:46 GMT-0500 (Central Daylight Time)\\",\\"car\\":{\\"id\\":\\"JHk290Xj\\",\\"make\\":\\"Ford\\",\\"model\\":\\"F10\\",\\"package\\":\\"Base\\",\\"color\\":\\"Silver\\",\\"year\\":2010,\\"category\\":\\"Truck\\",\\"mileage\\":120123,\\"price_cents\\":1999900,\\"created_at\\":\\"2021-06-20T18:58:46.170Z\\",\\"updated_at\\":\\"2021-06-20T18:58:46.170Z\\"}}"`;

exports[`GET: /v1/cars/:id works 1`] = `"{\\"message\\":\\"2010 Ford F10 with 120123 miles available for $19,999.00 listed since Sun Jun 20 2021 13:58:46 GMT-0500 (Central Daylight Time)\\",\\"car\\":{\\"id\\":\\"JHk290Xj\\",\\"make\\":\\"Ford\\",\\"model\\":\\"F10\\",\\"package\\":\\"Base\\",\\"color\\":\\"Silver\\",\\"year\\":2010,\\"category\\":\\"Truck\\",\\"mileage\\":120123,\\"price_cents\\":1999900,\\"created_at\\":\\"2021-06-20T18:58:46.170Z\\",\\"updated_at\\":\\"2021-06-20T18:58:46.170Z\\"}}"`;

exports[`GET: /v1/cars?make=Toyota returns correct data 1`] = `"{\\"message\\":\\"There were 2 founded with your filters\\",\\"results\\":[{\\"id\\":\\"fWI37la\\",\\"make\\":\\"Toyota\\",\\"model\\":\\"Camry\\",\\"package\\":\\"SE\\",\\"color\\":\\"White\\",\\"year\\":2019,\\"category\\":\\"Sedan\\",\\"mileage\\":3999,\\"price_cents\\":2899000,\\"created_at\\":\\"2021-06-20T18:58:46.170Z\\",\\"updated_at\\":\\"2021-06-20T18:58:46.170Z\\"},{\\"id\\":\\"1i3xjRllc\\",\\"make\\":\\"Toyota\\",\\"model\\":\\"Rav4\\",\\"package\\":\\"XSE\\",\\"color\\":\\"Red\\",\\"year\\":2018,\\"category\\":\\"SUV\\",\\"mileage\\":24001,\\"price_cents\\":2275000,\\"created_at\\":\\"2021-06-20T18:58:46.170Z\\",\\"updated_at\\":\\"2021-06-20T18:58:46.170Z\\"}]}"`;

exports[`GET: /v1/cars?make=Toyota returns correct data 2`] = `"{\\"message\\":\\"There were 2 founded with your filters\\",\\"results\\":[{\\"id\\":\\"fWI37la\\",\\"make\\":\\"Toyota\\",\\"model\\":\\"Camry\\",\\"package\\":\\"SE\\",\\"color\\":\\"White\\",\\"year\\":2019,\\"category\\":\\"Sedan\\",\\"mileage\\":3999,\\"price_cents\\":2899000,\\"created_at\\":\\"2021-06-20T18:58:46.170Z\\",\\"updated_at\\":\\"2021-06-20T18:58:46.170Z\\"},{\\"id\\":\\"1i3xjRllc\\",\\"make\\":\\"Toyota\\",\\"model\\":\\"Rav4\\",\\"package\\":\\"XSE\\",\\"color\\":\\"Red\\",\\"year\\":2018,\\"category\\":\\"SUV\\",\\"mileage\\":24001,\\"price_cents\\":2275000,\\"created_at\\":\\"2021-06-20T18:58:46.170Z\\",\\"updated_at\\":\\"2021-06-20T18:58:46.170Z\\"}]}"`;

exports[`GET: /v1/cars?year=2018&mileage_gt=24000 returns correct data 1`] = `"{\\"message\\":\\"There were 1 founded with your filters\\",\\"results\\":[{\\"id\\":\\"1i3xjRllc\\",\\"make\\":\\"Toyota\\",\\"model\\":\\"Rav4\\",\\"package\\":\\"XSE\\",\\"color\\":\\"Red\\",\\"year\\":2018,\\"category\\":\\"SUV\\",\\"mileage\\":24001,\\"price_cents\\":2275000,\\"created_at\\":\\"2021-06-20T18:58:46.170Z\\",\\"updated_at\\":\\"2021-06-20T18:58:46.170Z\\"}]}"`;
